// Jest Snapshot v1, https://goo.gl/fbAQLP

exports[`test MainPage should render correctly 1`] = `
<DocumentFragment>
  <div
    class="main-page"
  >
    <h2
      class="main-page__title"
    >
      VK Маркет
    </h2>
    <h3>
      03:00:00
    </h3>
    <div
      class="main-page__parameters"
    >
      <div
        class="categories"
      >
        <div
          class="categories__badge"
        >
          Одежда
        </div>
        <div
          class="categories__badge"
        >
          Для дома
        </div>
        <div
          class="categories__badge"
        >
          Электроника
        </div>
      </div>
    </div>
    <div
      class="product-card"
    >
      <div
        class="product-card__text"
      >
        <h2
          class="product-card__name"
        >
          MacBook
        </h2>
        <div
          class="product-card__description"
        >
          M2
        </div>
        <h1
          class="product-card__price"
        >
          1 400 ₽
        </h1>
        <div
          class="product-card__category"
        >
          Электроника
        </div>
      </div>
      <img
        alt="MacBook"
        class="product-card__image"
        src="url"
      />
    </div>
    <div
      class="product-card"
    >
      <div
        class="product-card__text"
      >
        <h2
          class="product-card__name"
        >
          Bershka
        </h2>
        <div
          class="product-card__description"
        >
          T-short
        </div>
        <h1
          class="product-card__price"
        >
          14 ₽
        </h1>
        <div
          class="product-card__category"
        >
          Одежда
        </div>
      </div>
      <img
        alt="Bershka"
        class="product-card__image"
        src="url"
      />
    </div>
    <div
      class="product-card"
    >
      <div
        class="product-card__text"
      >
        <h2
          class="product-card__name"
        >
          H&M
        </h2>
        <div
          class="product-card__description"
        >
          Trousers
        </div>
        <h1
          class="product-card__price"
        >
          15 ₽
        </h1>
        <div
          class="product-card__category"
        >
          Одежда
        </div>
      </div>
      <img
        alt="H&M"
        class="product-card__image"
        src="url"
      />
    </div>
    <div
      class="product-card"
    >
      <div
        class="product-card__text"
      >
        <h2
          class="product-card__name"
        >
          Bershka
        </h2>
        <div
          class="product-card__description"
        >
          Hat
        </div>
        <h1
          class="product-card__price"
        >
          10 ₽
        </h1>
        <div
          class="product-card__category"
        >
          Одежда
        </div>
      </div>
      <img
        alt="Bershka"
        class="product-card__image"
        src="url"
      />
    </div>
  </div>
</DocumentFragment>
`;
